// Jest Snapshot v1, https://goo.gl/fbAQLP

exports[`Jaden should render the jaden 1`] = `
ShallowWrapper {
  "length": 1,
  Symbol(enzyme.__root__): [Circular],
  Symbol(enzyme.__unrendered__): <Jaden
    text="Jaden"
    warning=""
/>,
  Symbol(enzyme.__renderer__): Object {
    "batchedUpdates": [Function],
    "getNode": [Function],
    "render": [Function],
    "simulateEvent": [Function],
    "unmount": [Function],
  },
  Symbol(enzyme.__node__): Object {
    "instance": null,
    "key": undefined,
    "nodeType": "host",
    "props": Object {
      "children": Array [
        <p
          className="text-center"
>
          <img
                    alt="jaden smith"
                    className="img-fluid img-thumbnail clearbg"
                    src="jaden-cutout.png"
          />
</p>,
        <p
          className="box1 sb6"
          id="output"
>
          Jaden
          <span
                    style={
                              Object {
                                        "color": "red",
                                        "display": "block",
                                        "fontWeight": "bold",
                                      }
                    }
          />
</p>,
      ],
      "className": "jaden",
    },
    "ref": null,
    "rendered": Array [
      Object {
        "instance": null,
        "key": undefined,
        "nodeType": "host",
        "props": Object {
          "children": <img
            alt="jaden smith"
            className="img-fluid img-thumbnail clearbg"
            src="jaden-cutout.png"
/>,
          "className": "text-center",
        },
        "ref": null,
        "rendered": Object {
          "instance": null,
          "key": undefined,
          "nodeType": "host",
          "props": Object {
            "alt": "jaden smith",
            "className": "img-fluid img-thumbnail clearbg",
            "src": "jaden-cutout.png",
          },
          "ref": null,
          "rendered": null,
          "type": "img",
        },
        "type": "p",
      },
      Object {
        "instance": null,
        "key": undefined,
        "nodeType": "host",
        "props": Object {
          "children": Array [
            "Jaden",
            <span
              style={
                            Object {
                                          "color": "red",
                                          "display": "block",
                                          "fontWeight": "bold",
                                        }
              }
/>,
          ],
          "className": "box1 sb6",
          "id": "output",
        },
        "ref": null,
        "rendered": Array [
          "Jaden",
          Object {
            "instance": null,
            "key": undefined,
            "nodeType": "host",
            "props": Object {
              "children": "",
              "style": Object {
                "color": "red",
                "display": "block",
                "fontWeight": "bold",
              },
            },
            "ref": null,
            "rendered": "",
            "type": "span",
          },
        ],
        "type": "p",
      },
    ],
    "type": "div",
  },
  Symbol(enzyme.__nodes__): Array [
    Object {
      "instance": null,
      "key": undefined,
      "nodeType": "host",
      "props": Object {
        "children": Array [
          <p
            className="text-center"
>
            <img
                        alt="jaden smith"
                        className="img-fluid img-thumbnail clearbg"
                        src="jaden-cutout.png"
            />
</p>,
          <p
            className="box1 sb6"
            id="output"
>
            Jaden
            <span
                        style={
                                    Object {
                                                "color": "red",
                                                "display": "block",
                                                "fontWeight": "bold",
                                              }
                        }
            />
</p>,
        ],
        "className": "jaden",
      },
      "ref": null,
      "rendered": Array [
        Object {
          "instance": null,
          "key": undefined,
          "nodeType": "host",
          "props": Object {
            "children": <img
              alt="jaden smith"
              className="img-fluid img-thumbnail clearbg"
              src="jaden-cutout.png"
/>,
            "className": "text-center",
          },
          "ref": null,
          "rendered": Object {
            "instance": null,
            "key": undefined,
            "nodeType": "host",
            "props": Object {
              "alt": "jaden smith",
              "className": "img-fluid img-thumbnail clearbg",
              "src": "jaden-cutout.png",
            },
            "ref": null,
            "rendered": null,
            "type": "img",
          },
          "type": "p",
        },
        Object {
          "instance": null,
          "key": undefined,
          "nodeType": "host",
          "props": Object {
            "children": Array [
              "Jaden",
              <span
                style={
                                Object {
                                                "color": "red",
                                                "display": "block",
                                                "fontWeight": "bold",
                                              }
                }
/>,
            ],
            "className": "box1 sb6",
            "id": "output",
          },
          "ref": null,
          "rendered": Array [
            "Jaden",
            Object {
              "instance": null,
              "key": undefined,
              "nodeType": "host",
              "props": Object {
                "children": "",
                "style": Object {
                  "color": "red",
                  "display": "block",
                  "fontWeight": "bold",
                },
              },
              "ref": null,
              "rendered": "",
              "type": "span",
            },
          ],
          "type": "p",
        },
      ],
      "type": "div",
    },
  ],
  Symbol(enzyme.__options__): Object {
    "adapter": ReactSixteenAdapter {
      "options": Object {
        "enableComponentDidUpdateOnSetState": true,
      },
    },
  },
}
`;
